main.c:47:5:main	8	static
main.c:83:6:bootloader_uart_read_data	16	static
main.c:143:6:bootloader_jump_to_user_app	24	static,ignoring_inline_asm
main.c:176:6:SystemClock_Config	232	static
main.c:234:13:MX_CRC_Init	8	static
main.c:252:13:MX_ETH_Init	8	static
main.c:277:13:MX_USART3_UART_Init	8	static
main.c:299:13:MX_USART6_UART_Init	8	static
main.c:321:13:MX_USB_OTG_FS_PCD_Init	8	static
main.c:342:13:MX_GPIO_Init	56	static
main.c:391:6:Error_Handler	4	static
main.c:399:6:printmsg	96	static
main.c:416:6:bootloader_handle_getver_cmd	32	static
main.c:446:6:bootloader_send_ack	24	static
main.c:455:6:bootloader_send_nack	16	static
main.c:461:9:bootloader_verify_crc	40	static
main.c:481:9:get_bootloader_version	4	static
