main.c:57:5:main	8	static
main.c:93:6:bootloader_uart_read_data	16	static
main.c:153:6:bootloader_jump_to_user_app	24	static,ignoring_inline_asm
main.c:186:6:SystemClock_Config	232	static
main.c:244:13:MX_CRC_Init	8	static
main.c:262:13:MX_ETH_Init	8	static
main.c:287:13:MX_USART3_UART_Init	8	static
main.c:309:13:MX_USART6_UART_Init	8	static
main.c:331:13:MX_USB_OTG_FS_PCD_Init	8	static
main.c:352:13:MX_GPIO_Init	56	static
main.c:401:6:Error_Handler	4	static
main.c:409:6:printmsg	96	static
main.c:426:6:bootloader_handle_getver_cmd	32	static
main.c:458:6:bootloader_handle_gethelp_cmd	24	static
main.c:479:6:bootloader_handle_getcid_cmd	32	static
main.c:504:6:bootloader_handle_getrdp_cmd	32	static
main.c:529:6:bootloader_handle_go_cmd	40	static
main.c:587:6:bootloader_handle_flash_erase_cmd	32	static
main.c:618:6:bootloader_send_ack	24	static
main.c:627:6:bootloader_send_nack	16	static
main.c:633:9:bootloader_verify_crc	40	static
main.c:653:6:bootloader_uart_write_data	16	static
main.c:660:9:get_bootloader_version	4	static
main.c:665:10:get_mcu_chip_id	16	static
main.c:681:9:get_flash_rdp_level	16	static
main.c:703:9:verify_address	16	static
main.c:725:9:execute_flash_erase	48	static
