00:44:52 **** Incremental Build of configuration Debug for project 01_Bootloader ****
make -j4 all 
arm-none-eabi-size   01_Bootloader.elf 
   text	   data	    bss	    dec	    hex	filename
  23136	    128	   3176	  26440	   6748	01_Bootloader.elf
Finished building: default.size.stdout
 
00:44:57 **** Incremental Build of configuration Debug for project 01_Bootloader ****
make -j4 all 
arm-none-eabi-size   01_Bootloader.elf 
   text	   data	    bss	    dec	    hex	filename
  23136	    128	   3176	  26440	   6748	01_Bootloader.elf
Finished building: default.size.stdout
 
